ERROR - 2026-08-09 16:19:58 --> Error connecting to the database: mysqli_sql_exception: The server requested authentication method unknown to the client [auth_gssapi_client] in C:\Users\suluh\Documents\GitHub\startoutaici4\vendor\codeigniter4\framework\system\Database\MySQLi\Connection.php:201
Stack trace:
#0 C:\Users\suluh\Documents\GitHub\startoutaici4\vendor\codeigniter4\framework\system\Database\MySQLi\Connection.php(201): mysqli->real_connect('localhost', '', Object(SensitiveParameterValue), '', 3306, '', 0)
#1 C:\Users\suluh\Documents\GitHub\startoutaici4\vendor\codeigniter4\framework\system\Database\BaseConnection.php(419): CodeIgniter\Database\MySQLi\Connection->connect(false)
#2 C:\Users\suluh\Documents\GitHub\startoutaici4\vendor\codeigniter4\framework\system\Database\BaseConnection.php(614): CodeIgniter\Database\BaseConnection->initialize()
#3 C:\Users\suluh\Documents\GitHub\startoutaici4\vendor\codeigniter4\framework\system\Database\BaseBuilder.php(1649): CodeIgniter\Database\BaseConnection->query('SELECT *\nFROM `...', Array, false)
#4 C:\Users\suluh\Documents\GitHub\startoutaici4\vendor\codeigniter4\framework\system\Model.php(330): CodeIgniter\Database\BaseBuilder->get()
#5 C:\Users\suluh\Documents\GitHub\startoutaici4\vendor\codeigniter4\framework\system\BaseModel.php(715): CodeIgniter\Model->doFirst()
#6 C:\Users\suluh\Documents\GitHub\startoutaici4\app\Models\HomeModel.php(16): CodeIgniter\BaseModel->first()
#7 C:\Users\suluh\Documents\GitHub\startoutaici4\app\Controllers\Home.php(14): App\Models\HomeModel->getHomePageData()
#8 C:\Users\suluh\Documents\GitHub\startoutaici4\vendor\codeigniter4\framework\system\CodeIgniter.php(933): App\Controllers\Home->index()
#9 C:\Users\suluh\Documents\GitHub\startoutaici4\vendor\codeigniter4\framework\system\CodeIgniter.php(507): CodeIgniter\CodeIgniter->runController(Object(App\Controllers\Home))
#10 C:\Users\suluh\Documents\GitHub\startoutaici4\vendor\codeigniter4\framework\system\CodeIgniter.php(354): CodeIgniter\CodeIgniter->handleRequest(NULL, Object(Config\Cache), false)
#11 C:\Users\suluh\Documents\GitHub\startoutaici4\vendor\codeigniter4\framework\system\Boot.php(363): CodeIgniter\CodeIgniter->run()
#12 C:\Users\suluh\Documents\GitHub\startoutaici4\vendor\codeigniter4\framework\system\Boot.php(68): CodeIgniter\Boot::runCodeIgniter(Object(CodeIgniter\CodeIgniter))
#13 C:\Users\suluh\Documents\GitHub\startoutaici4\public\index.php(59): CodeIgniter\Boot::bootWeb(Object(Config\Paths))
#14 C:\Users\suluh\Documents\GitHub\startoutaici4\vendor\codeigniter4\framework\system\rewrite.php(44): require_once('C:\\Users\\suluh\\...')
#15 {main}

Next CodeIgniter\Database\Exceptions\DatabaseException: The server requested authentication method unknown to the client [auth_gssapi_client] in C:\Users\suluh\Documents\GitHub\startoutaici4\vendor\codeigniter4\framework\system\Database\MySQLi\Connection.php:246
Stack trace:
#0 C:\Users\suluh\Documents\GitHub\startoutaici4\vendor\codeigniter4\framework\system\Database\BaseConnection.php(419): CodeIgniter\Database\MySQLi\Connection->connect(false)
#1 C:\Users\suluh\Documents\GitHub\startoutaici4\vendor\codeigniter4\framework\system\Database\BaseConnection.php(614): CodeIgniter\Database\BaseConnection->initialize()
#2 C:\Users\suluh\Documents\GitHub\startoutaici4\vendor\codeigniter4\framework\system\Database\BaseBuilder.php(1649): CodeIgniter\Database\BaseConnection->query('SELECT *\nFROM `...', Array, false)
#3 C:\Users\suluh\Documents\GitHub\startoutaici4\vendor\codeigniter4\framework\system\Model.php(330): CodeIgniter\Database\BaseBuilder->get()
#4 C:\Users\suluh\Documents\GitHub\startoutaici4\vendor\codeigniter4\framework\system\BaseModel.php(715): CodeIgniter\Model->doFirst()
#5 C:\Users\suluh\Documents\GitHub\startoutaici4\app\Models\HomeModel.php(16): CodeIgniter\BaseModel->first()
#6 C:\Users\suluh\Documents\GitHub\startoutaici4\app\Controllers\Home.php(14): App\Models\HomeModel->getHomePageData()
#7 C:\Users\suluh\Documents\GitHub\startoutaici4\vendor\codeigniter4\framework\system\CodeIgniter.php(933): App\Controllers\Home->index()
#8 C:\Users\suluh\Documents\GitHub\startoutaici4\vendor\codeigniter4\framework\system\CodeIgniter.php(507): CodeIgniter\CodeIgniter->runController(Object(App\Controllers\Home))
#9 C:\Users\suluh\Documents\GitHub\startoutaici4\vendor\codeigniter4\framework\system\CodeIgniter.php(354): CodeIgniter\CodeIgniter->handleRequest(NULL, Object(Config\Cache), false)
#10 C:\Users\suluh\Documents\GitHub\startoutaici4\vendor\codeigniter4\framework\system\Boot.php(363): CodeIgniter\CodeIgniter->run()
#11 C:\Users\suluh\Documents\GitHub\startoutaici4\vendor\codeigniter4\framework\system\Boot.php(68): CodeIgniter\Boot::runCodeIgniter(Object(CodeIgniter\CodeIgniter))
#12 C:\Users\suluh\Documents\GitHub\startoutaici4\public\index.php(59): CodeIgniter\Boot::bootWeb(Object(Config\Paths))
#13 C:\Users\suluh\Documents\GitHub\startoutaici4\vendor\codeigniter4\framework\system\rewrite.php(44): require_once('C:\\Users\\suluh\\...')
#14 {main}
CRITICAL - 2026-08-09 16:19:58 --> CodeIgniter\Database\Exceptions\DatabaseException: Unable to connect to the database.
Main connection [MySQLi]: The server requested authentication method unknown to the client [auth_gssapi_client]
[Method: GET, Route: /]
in SYSTEMPATH\Database\BaseConnection.php on line 465.
 1 SYSTEMPATH\Database\BaseConnection.php(614): CodeIgniter\Database\BaseConnection->initialize()
 2 SYSTEMPATH\Database\BaseBuilder.php(1649): CodeIgniter\Database\BaseConnection->query('SELECT *
FROM `home_pages`
 LIMIT 1', [], false)
 3 SYSTEMPATH\Model.php(330): CodeIgniter\Database\BaseBuilder->get()
 4 SYSTEMPATH\BaseModel.php(715): CodeIgniter\Model->doFirst()
 5 APPPATH\Models\HomeModel.php(16): CodeIgniter\BaseModel->first()
 6 APPPATH\Controllers\Home.php(14): App\Models\HomeModel->getHomePageData()
 7 SYSTEMPATH\CodeIgniter.php(933): App\Controllers\Home->index()
 8 SYSTEMPATH\CodeIgniter.php(507): CodeIgniter\CodeIgniter->runController(Object(App\Controllers\Home))
 9 SYSTEMPATH\CodeIgniter.php(354): CodeIgniter\CodeIgniter->handleRequest(null, Object(Config\Cache), false)
10 SYSTEMPATH\Boot.php(363): CodeIgniter\CodeIgniter->run()
11 SYSTEMPATH\Boot.php(68): CodeIgniter\Boot::runCodeIgniter(Object(CodeIgniter\CodeIgniter))
12 FCPATH\index.php(59): CodeIgniter\Boot::bootWeb(Object(Config\Paths))
13 SYSTEMPATH\rewrite.php(44): require_once('C:\\Users\\suluh\\Documents\\GitHub\\startoutaici4\\public\\index.php')
ERROR - 2026-08-09 16:21:00 --> Error connecting to the database: mysqli_sql_exception: Access denied for user 'u589050364_startoutai'@'localhost' (using password: YES) in C:\Users\suluh\Documents\GitHub\startoutaici4\vendor\codeigniter4\framework\system\Database\MySQLi\Connection.php:201
Stack trace:
#0 C:\Users\suluh\Documents\GitHub\startoutaici4\vendor\codeigniter4\framework\system\Database\MySQLi\Connection.php(201): mysqli->real_connect('localhost', 'u589050364_star...', Object(SensitiveParameterValue), 'u589050364_star...', 3306, '', 0)
#1 C:\Users\suluh\Documents\GitHub\startoutaici4\vendor\codeigniter4\framework\system\Database\BaseConnection.php(419): CodeIgniter\Database\MySQLi\Connection->connect(false)
#2 C:\Users\suluh\Documents\GitHub\startoutaici4\vendor\codeigniter4\framework\system\Database\BaseConnection.php(614): CodeIgniter\Database\BaseConnection->initialize()
#3 C:\Users\suluh\Documents\GitHub\startoutaici4\vendor\codeigniter4\framework\system\Database\BaseBuilder.php(1649): CodeIgniter\Database\BaseConnection->query('SELECT *\nFROM `...', Array, false)
#4 C:\Users\suluh\Documents\GitHub\startoutaici4\vendor\codeigniter4\framework\system\Model.php(330): CodeIgniter\Database\BaseBuilder->get()
#5 C:\Users\suluh\Documents\GitHub\startoutaici4\vendor\codeigniter4\framework\system\BaseModel.php(715): CodeIgniter\Model->doFirst()
#6 C:\Users\suluh\Documents\GitHub\startoutaici4\app\Models\HomeModel.php(16): CodeIgniter\BaseModel->first()
#7 C:\Users\suluh\Documents\GitHub\startoutaici4\app\Controllers\Home.php(14): App\Models\HomeModel->getHomePageData()
#8 C:\Users\suluh\Documents\GitHub\startoutaici4\vendor\codeigniter4\framework\system\CodeIgniter.php(933): App\Controllers\Home->index()
#9 C:\Users\suluh\Documents\GitHub\startoutaici4\vendor\codeigniter4\framework\system\CodeIgniter.php(507): CodeIgniter\CodeIgniter->runController(Object(App\Controllers\Home))
#10 C:\Users\suluh\Documents\GitHub\startoutaici4\vendor\codeigniter4\framework\system\CodeIgniter.php(354): CodeIgniter\CodeIgniter->handleRequest(NULL, Object(Config\Cache), false)
#11 C:\Users\suluh\Documents\GitHub\startoutaici4\vendor\codeigniter4\framework\system\Boot.php(363): CodeIgniter\CodeIgniter->run()
#12 C:\Users\suluh\Documents\GitHub\startoutaici4\vendor\codeigniter4\framework\system\Boot.php(68): CodeIgniter\Boot::runCodeIgniter(Object(CodeIgniter\CodeIgniter))
#13 C:\Users\suluh\Documents\GitHub\startoutaici4\public\index.php(59): CodeIgniter\Boot::bootWeb(Object(Config\Paths))
#14 C:\Users\suluh\Documents\GitHub\startoutaici4\vendor\codeigniter4\framework\system\rewrite.php(44): require_once('C:\\Users\\suluh\\...')
#15 {main}

Next CodeIgniter\Database\Exceptions\DatabaseException: Access denied for user '****'@'localhost' (using password: YES) in C:\Users\suluh\Documents\GitHub\startoutaici4\vendor\codeigniter4\framework\system\Database\MySQLi\Connection.php:246
Stack trace:
#0 C:\Users\suluh\Documents\GitHub\startoutaici4\vendor\codeigniter4\framework\system\Database\BaseConnection.php(419): CodeIgniter\Database\MySQLi\Connection->connect(false)
#1 C:\Users\suluh\Documents\GitHub\startoutaici4\vendor\codeigniter4\framework\system\Database\BaseConnection.php(614): CodeIgniter\Database\BaseConnection->initialize()
#2 C:\Users\suluh\Documents\GitHub\startoutaici4\vendor\codeigniter4\framework\system\Database\BaseBuilder.php(1649): CodeIgniter\Database\BaseConnection->query('SELECT *\nFROM `...', Array, false)
#3 C:\Users\suluh\Documents\GitHub\startoutaici4\vendor\codeigniter4\framework\system\Model.php(330): CodeIgniter\Database\BaseBuilder->get()
#4 C:\Users\suluh\Documents\GitHub\startoutaici4\vendor\codeigniter4\framework\system\BaseModel.php(715): CodeIgniter\Model->doFirst()
#5 C:\Users\suluh\Documents\GitHub\startoutaici4\app\Models\HomeModel.php(16): CodeIgniter\BaseModel->first()
#6 C:\Users\suluh\Documents\GitHub\startoutaici4\app\Controllers\Home.php(14): App\Models\HomeModel->getHomePageData()
#7 C:\Users\suluh\Documents\GitHub\startoutaici4\vendor\codeigniter4\framework\system\CodeIgniter.php(933): App\Controllers\Home->index()
#8 C:\Users\suluh\Documents\GitHub\startoutaici4\vendor\codeigniter4\framework\system\CodeIgniter.php(507): CodeIgniter\CodeIgniter->runController(Object(App\Controllers\Home))
#9 C:\Users\suluh\Documents\GitHub\startoutaici4\vendor\codeigniter4\framework\system\CodeIgniter.php(354): CodeIgniter\CodeIgniter->handleRequest(NULL, Object(Config\Cache), false)
#10 C:\Users\suluh\Documents\GitHub\startoutaici4\vendor\codeigniter4\framework\system\Boot.php(363): CodeIgniter\CodeIgniter->run()
#11 C:\Users\suluh\Documents\GitHub\startoutaici4\vendor\codeigniter4\framework\system\Boot.php(68): CodeIgniter\Boot::runCodeIgniter(Object(CodeIgniter\CodeIgniter))
#12 C:\Users\suluh\Documents\GitHub\startoutaici4\public\index.php(59): CodeIgniter\Boot::bootWeb(Object(Config\Paths))
#13 C:\Users\suluh\Documents\GitHub\startoutaici4\vendor\codeigniter4\framework\system\rewrite.php(44): require_once('C:\\Users\\suluh\\...')
#14 {main}
CRITICAL - 2026-08-09 16:21:00 --> CodeIgniter\Database\Exceptions\DatabaseException: Unable to connect to the database.
Main connection [MySQLi]: Access denied for user '****'@'localhost' (using password: YES)
[Method: GET, Route: /]
in SYSTEMPATH\Database\BaseConnection.php on line 465.
 1 SYSTEMPATH\Database\BaseConnection.php(614): CodeIgniter\Database\BaseConnection->initialize()
 2 SYSTEMPATH\Database\BaseBuilder.php(1649): CodeIgniter\Database\BaseConnection->query('SELECT *
FROM `home_pages`
 LIMIT 1', [], false)
 3 SYSTEMPATH\Model.php(330): CodeIgniter\Database\BaseBuilder->get()
 4 SYSTEMPATH\BaseModel.php(715): CodeIgniter\Model->doFirst()
 5 APPPATH\Models\HomeModel.php(16): CodeIgniter\BaseModel->first()
 6 APPPATH\Controllers\Home.php(14): App\Models\HomeModel->getHomePageData()
 7 SYSTEMPATH\CodeIgniter.php(933): App\Controllers\Home->index()
 8 SYSTEMPATH\CodeIgniter.php(507): CodeIgniter\CodeIgniter->runController(Object(App\Controllers\Home))
 9 SYSTEMPATH\CodeIgniter.php(354): CodeIgniter\CodeIgniter->handleRequest(null, Object(Config\Cache), false)
10 SYSTEMPATH\Boot.php(363): CodeIgniter\CodeIgniter->run()
11 SYSTEMPATH\Boot.php(68): CodeIgniter\Boot::runCodeIgniter(Object(CodeIgniter\CodeIgniter))
12 FCPATH\index.php(59): CodeIgniter\Boot::bootWeb(Object(Config\Paths))
13 SYSTEMPATH\rewrite.php(44): require_once('C:\\Users\\suluh\\Documents\\GitHub\\startoutaici4\\public\\index.php')
